	Command being timed: "qemu-riscv64 -L /usr/riscv64-linux-gnu /home/tanmay/riscv-hpc-port/lammps-port/build-riscv64/lmp -in in.peptide"
	User time (seconds): 85.66
	System time (seconds): 0.07
	Percent of CPU this job got: 99%
	Elapsed (wall clock) time (h:mm:ss or m:ss): 1:25.78
	Average shared text size (kbytes): 0
	Average unshared data size (kbytes): 0
	Average stack size (kbytes): 0
	Average total size (kbytes): 0
	Maximum resident set size (kbytes): 44600
	Average resident set size (kbytes): 0
	Major (requiring I/O) page faults: 140
	Minor (reclaiming a frame) page faults: 5300
	Voluntary context switches: 112
	Involuntary context switches: 167
	Swaps: 0
	File system inputs: 26312
	File system outputs: 72
	Socket messages sent: 0
	Socket messages received: 0
	Signals delivered: 0
	Page size (bytes): 4096
	Exit status: 0
