CMake Deprecation Warning at CMakeLists.txt:22 (cmake_policy):
  The OLD behavior for policy CMP0109 will be removed from a future version
  of CMake.

  The cmake-policies(7) manual explains that the OLD behaviors of all
  policies are deprecated and that a policy should be set to OLD only under
  specific short-term circumstances.  Projects should be ported to the NEW
  behavior and not rely on setting a policy to OLD.


CMake Deprecation Warning at CMakeLists.txt:26 (cmake_policy):
  The OLD behavior for policy CMP0135 will be removed from a future version
  of CMake.

  The cmake-policies(7) manual explains that the OLD behaviors of all
  policies are deprecated and that a policy should be set to OLD only under
  specific short-term circumstances.  Projects should be ported to the NEW
  behavior and not rely on setting a policy to OLD.


-- The CXX compiler identification is GNU 15.2.0
-- The C compiler identification is GNU 15.2.0
-- Detecting CXX compiler ABI info
-- Detecting CXX compiler ABI info - done
-- Check for working CXX compiler: /usr/bin/riscv64-linux-gnu-g++ - skipped
-- Detecting CXX compile features
-- Detecting CXX compile features - done
-- Detecting C compiler ABI info
-- Detecting C compiler ABI info - done
-- Check for working C compiler: /usr/bin/riscv64-linux-gnu-gcc - skipped
-- Detecting C compile features
-- Detecting C compile features - done
-- Found Git: /usr/bin/git (found version "2.53.0")
-- Running check for auto-generated files from make-based build system
-- Looking for C++ include omp.h
-- Looking for C++ include omp.h - found
-- Found GZIP: /usr/bin/gzip
-- Could NOT find PkgConfig (missing: PKG_CONFIG_EXECUTABLE) 
-- Generating style headers...
-- Generating package headers...
-- Generating lmpinstalledpkgs.h...
-- Found Python3: /usr/bin/python3 (found version "3.14.4") found components: Interpreter
-- The following tools and libraries have been found and configured:
 * Git
 * Python3

-- <<< Build configuration >>>
   LAMMPS Version:   2026.3.30.99 7f680de
   Operating System: Linux Ubuntu" 26.04
   CMake Version:    4.2.3
   Build type:       Release
   Install path:     /usr
   Generator:        Ninja using /usr/bin/ninja
-- Cross compiling on Linux-6.6.114.1-microsoft-standard-WSL2
-- Enabled packages: KSPACE;MANYBODY;MOLECULE;RIGID
-- <<< Compilers and Flags: >>>
-- C++ Compiler:     /usr/bin/riscv64-linux-gnu-g++
      Type:          GNU
      Version:       15.2.0
      C++ Standard:  17
      C++ Flags:    -march=rv64gcv -mabi=lp64d -O3 -DNDEBUG
      Defines:       LAMMPS_SMALLBIG;LAMMPS_MEMALIGN=64;LAMMPS_GZIP;FFT_KISS
-- C compiler:       /usr/bin/riscv64-linux-gnu-gcc
      Type:          GNU
      Version:       15.2.0
      C Flags:      -march=rv64gcv -mabi=lp64d -O3 -DNDEBUG
-- <<< Linker flags: >>>
-- Executable name:  lmp
-- Static library flags:    
-- <<< FFT settings >>>
-- Primary FFT lib:  KISS
-- Using double precision FFTs
-- Using non-threaded FFTs
-- Using builtin distributed FFT algorithms
-- Configuring done (6.4s)
-- Generating done (0.1s)
-- Build files have been written to: /home/tanmay/riscv-hpc-port/lammps-port/build-riscv64
